============================= test session starts =============================
platform win32 -- Python 3.13.5, pytest-7.4.0, pluggy-1.6.0 -- C:\Users\Julio Cesar\Desktop\QA Engineer Automation\Proyectos para subir a github\security-testing-owasp\venv\Scripts\python.exe
cachedir: .pytest_cache
metadata: {'Python': '3.13.5', 'Platform': 'Windows-10-10.0.19045-SP0', 'Packages': {'pytest': '7.4.0', 'pluggy': '1.6.0'}, 'Plugins': {'html': '4.1.1', 'metadata': '3.1.1'}}
rootdir: C:\Users\Julio Cesar\Desktop\QA Engineer Automation\Proyectos para subir a github\security-testing-owasp
plugins: html-4.1.1, metadata-3.1.1
collecting ... collected 16 items

tests/test_security_headers.py::TestSecurityHeaders::test_x_content_type_options_header FAILED
tests/test_security_headers.py::TestSecurityHeaders::test_x_frame_options_header FAILED
tests/test_security_headers.py::TestSecurityHeaders::test_strict_transport_security_header FAILED
tests/test_security_headers.py::TestSecurityHeaders::test_content_security_policy_header FAILED
tests/test_security_headers.py::TestSecurityHeaders::test_no_server_version_exposed FAILED
tests/test_security_headers.py::TestSecurityHeaders::test_cache_control_for_sensitive_endpoints FAILED
tests/test_security_headers.py::TestSecurityHeaders::test_cors_headers_not_wildcard 
CORS: No wildcard detected
PASSED
tests/test_sql_injection.py::TestSQLInjection::test_sql_injection_in_query_params 
SQL Injection (query params): 10 payloads tested, 0 vulnerabilities found
PASSED
tests/test_sql_injection.py::TestSQLInjection::test_sql_injection_in_post_body 
SQL Injection (POST body): 10 payloads tested, 0 vulnerabilities found
PASSED
tests/test_sql_injection.py::TestSQLInjection::test_sql_injection_in_path_params 
SQL Injection (path params): 5 payloads tested, 0 vulnerabilities found
PASSED
tests/test_sql_injection.py::TestSQLInjection::test_error_handling_doesnt_expose_stack 
Error handling: No stack traces or internal info exposed
PASSED
tests/test_xss.py::TestXSS::test_xss_in_post_body_title FAILED
tests/test_xss.py::TestXSS::test_xss_in_post_body_content FAILED
tests/test_xss.py::TestXSS::test_xss_in_query_params FAILED
tests/test_xss.py::TestXSS::test_content_type_header_prevents_xss FAILED
tests/test_xss.py::TestXSS::test_xss_special_characters_handling FAILED

================================== FAILURES ===================================
___________ TestSecurityHeaders.test_x_content_type_options_header ____________
tests\test_security_headers.py:82: in test_x_content_type_options_header
    print(f"\\n\u2705 {header_name}: {header_value}")
..\..\..\..\AppData\Local\Programs\Python\Python313\Lib\encodings\cp1252.py:19: in encode
    return codecs.charmap_encode(input,self.errors,encoding_table)[0]
E   UnicodeEncodeError: 'charmap' codec can't encode character '\u2705' in position 2: character maps to <undefined>
_______________ TestSecurityHeaders.test_x_frame_options_header _______________
tests\test_security_headers.py:101: in test_x_frame_options_header
    pytest.fail(
E   Failed: MISSING HEADER: X-Frame-Options
E   Risk: Clickjacking attacks possible
E   Fix: Add 'X-Frame-Options: DENY' to responses
__________ TestSecurityHeaders.test_strict_transport_security_header __________
tests\test_security_headers.py:135: in test_strict_transport_security_header
    pytest.fail(
E   Failed: MISSING HEADER: Strict-Transport-Security
E   Risk: HTTP downgrade attacks possible
E   Fix: Add 'Strict-Transport-Security: max-age=31536000' to responses
___________ TestSecurityHeaders.test_content_security_policy_header ___________
tests\test_security_headers.py:169: in test_content_security_policy_header
    pytest.fail(
E   Failed: MISSING HEADER: Content-Security-Policy
E   Risk: No XSS browser-level protection
E   Fix: Add Content-Security-Policy header
E   Example: default-src 'self'
_____________ TestSecurityHeaders.test_no_server_version_exposed ______________
tests\test_security_headers.py:214: in test_no_server_version_exposed
    pytest.fail(
E   Failed: Server information exposed:
E   X-Powered-By header exposed: Express
E   Fix: Remove X-Powered-By header completely
_______ TestSecurityHeaders.test_cache_control_for_sensitive_endpoints ________
tests\test_security_headers.py:271: in test_cache_control_for_sensitive_endpoints
    pytest.fail(
E   Failed: Cache-Control issues on sensitive endpoints:
E   Weak Cache-Control on: https://jsonplaceholder.typicode.com/users
E   Current: max-age=43200
E   Expected: no-store, no-cache, or private
E   Weak Cache-Control on: https://jsonplaceholder.typicode.com/users/1
E   Current: max-age=43200
E   Expected: no-store, no-cache, or private
_____________________ TestXSS.test_xss_in_post_body_title _____________________
tests\test_xss.py:116: in test_xss_in_post_body_title
    pytest.fail(
E   Failed: XSS vulnerabilities in title field:
E   {'payload': "<script>alert('XSS')</script>", 'field': 'title', 'issue': 'XSS payload reflected unescaped', 'status_code': 201}
E   {'payload': "<svg onload=alert('XSS')>", 'field': 'title', 'issue': 'XSS payload reflected unescaped', 'status_code': 201}
E   {'payload': "<iframe src='javascript:alert(1)'>", 'field': 'title', 'issue': 'XSS payload reflected unescaped', 'status_code': 201}
E   {'payload': '\'"><script>alert(\'XSS\')</script>', 'field': 'title', 'issue': 'XSS payload reflected unescaped', 'status_code': 201}
E   {'payload': "<<SCRIPT>alert('XSS');//<</SCRIPT>", 'field': 'title', 'issue': 'XSS payload reflected unescaped', 'status_code': 201}
____________________ TestXSS.test_xss_in_post_body_content ____________________
tests\test_xss.py:164: in test_xss_in_post_body_content
    pytest.fail(
E   Failed: XSS vulnerabilities in body field:
E   {'payload': "<script>alert('XSS')</script>", 'field': 'body', 'issue': 'XSS payload reflected in body field', 'status_code': 201}
E   {'payload': "<svg onload=alert('XSS')>", 'field': 'body', 'issue': 'XSS payload reflected in body field', 'status_code': 201}
E   {'payload': "<iframe src='javascript:alert(1)'>", 'field': 'body', 'issue': 'XSS payload reflected in body field', 'status_code': 201}
E   {'payload': '\'"><script>alert(\'XSS\')</script>', 'field': 'body', 'issue': 'XSS payload reflected in body field', 'status_code': 201}
E   {'payload': "<<SCRIPT>alert('XSS');//<</SCRIPT>", 'field': 'body', 'issue': 'XSS payload reflected in body field', 'status_code': 201}
______________________ TestXSS.test_xss_in_query_params _______________________
tests\test_xss.py:207: in test_xss_in_query_params
    print(f"\\n\u2705 XSS (query params): "
..\..\..\..\AppData\Local\Programs\Python\Python313\Lib\encodings\cp1252.py:19: in encode
    return codecs.charmap_encode(input,self.errors,encoding_table)[0]
E   UnicodeEncodeError: 'charmap' codec can't encode character '\u2705' in position 2: character maps to <undefined>
________________ TestXSS.test_content_type_header_prevents_xss ________________
tests\test_xss.py:264: in test_content_type_header_prevents_xss
    print(f"\\n\u2705 Content-Type headers: "
..\..\..\..\AppData\Local\Programs\Python\Python313\Lib\encodings\cp1252.py:19: in encode
    return codecs.charmap_encode(input,self.errors,encoding_table)[0]
E   UnicodeEncodeError: 'charmap' codec can't encode character '\u2705' in position 2: character maps to <undefined>
________________ TestXSS.test_xss_special_characters_handling _________________
tests\test_xss.py:314: in test_xss_special_characters_handling
    print(f"\\n\u2705 Special characters: "
..\..\..\..\AppData\Local\Programs\Python\Python313\Lib\encodings\cp1252.py:19: in encode
    return codecs.charmap_encode(input,self.errors,encoding_table)[0]
E   UnicodeEncodeError: 'charmap' codec can't encode character '\u2705' in position 2: character maps to <undefined>
=========================== short test summary info ===========================
FAILED tests/test_security_headers.py::TestSecurityHeaders::test_x_content_type_options_header
FAILED tests/test_security_headers.py::TestSecurityHeaders::test_x_frame_options_header
FAILED tests/test_security_headers.py::TestSecurityHeaders::test_strict_transport_security_header
FAILED tests/test_security_headers.py::TestSecurityHeaders::test_content_security_policy_header
FAILED tests/test_security_headers.py::TestSecurityHeaders::test_no_server_version_exposed
FAILED tests/test_security_headers.py::TestSecurityHeaders::test_cache_control_for_sensitive_endpoints
FAILED tests/test_xss.py::TestXSS::test_xss_in_post_body_title - Failed: XSS ...
FAILED tests/test_xss.py::TestXSS::test_xss_in_post_body_content - Failed: XS...
FAILED tests/test_xss.py::TestXSS::test_xss_in_query_params - UnicodeEncodeEr...
FAILED tests/test_xss.py::TestXSS::test_content_type_header_prevents_xss - Un...
FAILED tests/test_xss.py::TestXSS::test_xss_special_characters_handling - Uni...
======================== 11 failed, 5 passed in 16.26s ========================
